// Jest Snapshot v1, https://goo.gl/fbAQLP

exports[`Routes within the empty project Produces the correct warning message 1`] = `""`;

exports[`Routes within the example todo project Produces the correct warning message 1`] = `""`;

exports[`Routes within the example todo with errors project Produces the correct warning message 1`] = `
"[38;2;255;165;0mWarning: 2 duplicate routes have been detected, only the route(s) closest to the top of the file will be used.[39m
[38;2;255;165;0m[39m [38;2;255;165;0m->[39m Name: "home", Path: "/", Page: "HomePage"
 [38;2;255;165;0m->[39m Name: "home", Path: "/", Page: "HomePage""
`;

exports[`Routes within the test project Produces the correct warning message 1`] = `
"[38;2;255;165;0mWarning: 2 duplicate routes have been detected, only the route(s) closest to the top of the file will be used.[39m
[38;2;255;165;0m[39m [38;2;255;165;0m->[39m Name: "contact", Path: "/contacts/{id:Int}", Page: "ContactContactPage"
 [38;2;255;165;0m->[39m Name: "contact", Path: "/contact", Page: "ContactPage""
`;
